// Jest Snapshot v1, https://goo.gl/fbAQLP

exports[`SideBar should render SideBar without any errors when not authenticated 1`] = `
<div>
  <aside
    class="SideBar__StyledSideBar-sc-1l67eb2-0 hNvVHq"
  >
    <ul
      class="SideBar__StyledSideBarMenu-sc-1l67eb2-1 hKrzpx"
    >
      <li
        class="SideBar__StyledSidebarMenuLink-sc-1l67eb2-5 ffyABg"
      >
        <a
          _css2="
        cursor: ,default,;
      "
          class="SideBar__StyledSideBarLink-sc-1l67eb2-2 SideBar___StyledStyledSideBarLink-sc-1l67eb2-4 eTgISX dVXgXi"
          href="/"
        >
          <h3>
            Skills Matrix
          </h3>
        </a>
      </li>
      <li
        class="SideBar__StyledSidebarMenuLink-sc-1l67eb2-5 dMnPRp"
      >
        <a
          _css2="
        cursor: ,pointer,;
      "
          class="SideBar__StyledSideBarLink-sc-1l67eb2-2 SideBar___StyledStyledSideBarLink-sc-1l67eb2-4 eTgISX ekZBPi"
          href="/login"
        >
          Login
        </a>
      </li>
    </ul>
  </aside>
</div>
`;
